[0.010s] Invoking command in '/home/dahyeon/dev_ws/build/srv_alarm_interface': /usr/bin/cmake /home/dahyeon/dev_ws/src/srv_alarm_interface -DCMAKE_INSTALL_PREFIX=/home/dahyeon/dev_ws/install/srv_alarm_interface
[0.021s] -- Found ament_cmake: 0.9.9 (/opt/ros/foxy/share/ament_cmake/cmake)
[0.044s] -- Found PythonInterp: /usr/bin/python3 (found suitable version "3.8.10", minimum required is "3") 
[0.044s] -- Using PYTHON_EXECUTABLE: /usr/bin/python3
[0.179s] -- Override CMake install command with custom implementation using symlinks instead of copying resources
[0.184s] -- Found builtin_interfaces: 1.0.0 (/opt/ros/foxy/share/builtin_interfaces/cmake)
[0.199s] -- Using all available rosidl_typesupport_c: rosidl_typesupport_fastrtps_c;rosidl_typesupport_introspection_c
[0.201s] -- Found rosidl_adapter: 1.2.1 (/opt/ros/foxy/share/rosidl_adapter/cmake)
[0.286s] -- Using all available rosidl_typesupport_cpp: rosidl_typesupport_fastrtps_cpp;rosidl_typesupport_introspection_cpp
[0.304s] -- Found rosidl_default_generators: 1.0.1 (/opt/ros/foxy/share/rosidl_default_generators/cmake)
[0.336s] -- Found PythonInterp: /usr/bin/python3 (found version "3.8.10") 
[0.429s] Error parsing '/home/dahyeon/dev_ws/src/srv_alarm_interface/package.xml':
[0.519s] Traceback (most recent call last):
[0.519s]   File "/usr/lib/python3/dist-packages/catkin_pkg/package.py", line 597, in parse_package_string
[0.519s]     root = dom.parseString(data)
[0.519s]   File "/usr/lib/python3.8/xml/dom/minidom.py", line 1969, in parseString
[0.519s]     return expatbuilder.parseString(string)
[0.519s]   File "/usr/lib/python3.8/xml/dom/expatbuilder.py", line 925, in parseString
[0.519s]     return builder.parseString(string)
[0.519s]   File "/usr/lib/python3.8/xml/dom/expatbuilder.py", line 223, in parseString
[0.519s]     parser.Parse(string, True)
[0.519s] xml.parsers.expat.ExpatError: mismatched tag: line 14, column 39
[0.519s] 
[0.519s] During handling of the above exception, another exception occurred:
[0.519s] 
[0.520s] Traceback (most recent call last):
[0.520s]   File "/opt/ros/foxy/share/ament_cmake_core/cmake/core/package_xml_2_cmake.py", line 143, in <module>
[0.520s]     main()
[0.520s]   File "/opt/ros/foxy/share/ament_cmake_core/cmake/core/package_xml_2_cmake.py", line 52, in main
[0.520s]     raise e
[0.520s]   File "/opt/ros/foxy/share/ament_cmake_core/cmake/core/package_xml_2_cmake.py", line 48, in main
[0.520s]     package = parse_package_string(
[0.520s]   File "/usr/lib/python3/dist-packages/catkin_pkg/package.py", line 599, in parse_package_string
[0.520s]     raise InvalidPackage('The manifest contains invalid XML:\n%s' % ex, filename)
[0.520s] catkin_pkg.package.InvalidPackage: Error(s) in package '/home/dahyeon/dev_ws/src/srv_alarm_interface/package.xml':
[0.520s] The manifest contains invalid XML:
[0.520s] mismatched tag: line 14, column 39
[0.534s] CMake Error at /opt/ros/foxy/share/ament_cmake_core/cmake/core/ament_package_xml.cmake:94 (message):
[0.534s]   execute_process(/usr/bin/python3
[0.534s]   /opt/ros/foxy/share/ament_cmake_core/cmake/core/package_xml_2_cmake.py
[0.534s]   /home/dahyeon/dev_ws/src/srv_alarm_interface/package.xml
[0.534s]   /home/dahyeon/dev_ws/build/srv_alarm_interface/ament_cmake_core/package.cmake)
[0.534s]   returned error code 1
[0.534s] Call Stack (most recent call first):
[0.534s]   /opt/ros/foxy/share/ament_cmake_core/cmake/core/ament_package_xml.cmake:49 (_ament_package_xml)
[0.535s]   /opt/ros/foxy/share/rosidl_cmake/cmake/rosidl_generate_interfaces.cmake:226 (ament_package_xml)
[0.535s]   CMakeLists.txt:31 (rosidl_generate_interfaces)
[0.535s] 
[0.535s] 
[0.535s] -- Configuring incomplete, errors occurred!
[0.535s] See also "/home/dahyeon/dev_ws/build/srv_alarm_interface/CMakeFiles/CMakeOutput.log".
[0.539s] Invoked command in '/home/dahyeon/dev_ws/build/srv_alarm_interface' returned '1': /usr/bin/cmake /home/dahyeon/dev_ws/src/srv_alarm_interface -DCMAKE_INSTALL_PREFIX=/home/dahyeon/dev_ws/install/srv_alarm_interface
