[0.000000] (-) TimerEvent: {}
[0.000234] (-) JobUnselected: {'identifier': 'cpp_pubsub'}
[0.000406] (-) JobUnselected: {'identifier': 'logging_rclpy_example'}
[0.000592] (-) JobUnselected: {'identifier': 'msg_srv_action_interface_example'}
[0.000624] (-) JobUnselected: {'identifier': 'my_first_ros_rclcpp_pkg'}
[0.000668] (-) JobUnselected: {'identifier': 'my_first_ros_rclpy_pkg'}
[0.001075] (-) JobUnselected: {'identifier': 'my_package'}
[0.001216] (-) JobUnselected: {'identifier': 'ros2env'}
[0.001363] (-) JobUnselected: {'identifier': 'rqt_example'}
[0.001393] (-) JobUnselected: {'identifier': 'testbot_description'}
[0.001499] (-) JobUnselected: {'identifier': 'tf2_rclcpp_example'}
[0.001543] (-) JobUnselected: {'identifier': 'tf2_rclpy_example'}
[0.001577] (-) JobUnselected: {'identifier': 'time_rclcpp_example'}
[0.001615] (-) JobUnselected: {'identifier': 'time_rclpy_example'}
[0.001660] (-) JobUnselected: {'identifier': 'topic_service_action_rclcpp_example'}
[0.001696] (-) JobUnselected: {'identifier': 'topic_service_action_rclpy_example'}
[0.001711] (-) JobUnselected: {'identifier': 'turtlesim'}
[0.001727] (-) JobUnselected: {'identifier': 'uni'}
[0.001744] (srv_alarm_interface) JobQueued: {'identifier': 'srv_alarm_interface', 'dependencies': OrderedDict()}
[0.001769] (srv_alarm_interface) JobStarted: {'identifier': 'srv_alarm_interface'}
[0.009059] (srv_alarm_interface) JobProgress: {'identifier': 'srv_alarm_interface', 'progress': 'cmake'}
[0.009647] (srv_alarm_interface) Command: {'cmd': ['/usr/bin/cmake', '/home/dahyeon/dev_ws/src/srv_alarm_interface', '-DCMAKE_INSTALL_PREFIX=/home/dahyeon/dev_ws/install/srv_alarm_interface'], 'cwd': '/home/dahyeon/dev_ws/build/srv_alarm_interface', 'env': OrderedDict([('LESSOPEN', '| /usr/bin/lesspipe %s'), ('LANGUAGE', 'en_US:en'), ('USER', 'dahyeon'), ('LC_TIME', 'en_US.UTF-8'), ('SSH_AGENT_PID', '1472'), ('XDG_SESSION_TYPE', 'x11'), ('SHLVL', '1'), ('LD_LIBRARY_PATH', '/home/dahyeon/dev_ws/install/turtlesim/lib:/home/dahyeon/dev_ws/install/msg_srv_action_interface_example/lib:/opt/ros/foxy/opt/yaml_cpp_vendor/lib:/opt/ros/foxy/opt/rviz_ogre_vendor/lib:/opt/ros/foxy/lib/x86_64-linux-gnu:/opt/ros/foxy/lib'), ('HOME', '/home/dahyeon'), ('OLDPWD', '/home/dahyeon/dev_ws/src'), ('DESKTOP_SESSION', 'ubuntu'), ('ROS_PYTHON_VERSION', '3'), ('GNOME_SHELL_SESSION_MODE', 'ubuntu'), ('GTK_MODULES', 'gail:atk-bridge'), ('LC_MONETARY', 'en_US.UTF-8'), ('MANAGERPID', '1154'), ('DBUS_STARTER_BUS_TYPE', 'session'), ('DBUS_SESSION_BUS_ADDRESS', 'unix:path=/run/user/1000/bus,guid=9778d7525af4932bf075023d6236ed88'), ('COLORTERM', 'truecolor'), ('IM_CONFIG_PHASE', '1'), ('COLCON_PREFIX_PATH', '/home/dahyeon/dev_ws/install'), ('ROS_DISTRO', 'foxy'), ('LOGNAME', 'dahyeon'), ('JOURNAL_STREAM', '8:47155'), ('_', '/usr/bin/colcon'), ('ROS_VERSION', '2'), ('XDG_SESSION_CLASS', 'user'), ('USERNAME', 'dahyeon'), ('TERM', 'xterm-256color'), ('GNOME_DESKTOP_SESSION_ID', 'this-is-deprecated'), ('ROS_LOCALHOST_ONLY', '0'), ('WINDOWPATH', '2'), ('PATH', '/opt/ros/foxy/bin:/home/dahyeon/.local/bin:/usr/local/sbin:/usr/local/bin:/usr/sbin:/usr/bin:/sbin:/bin:/usr/games:/usr/local/games:/snap/bin'), ('SESSION_MANAGER', 'local/dahyeon-GP75-Leopard-10SEK:@/tmp/.ICE-unix/1510,unix/dahyeon-GP75-Leopard-10SEK:/tmp/.ICE-unix/1510'), ('INVOCATION_ID', 'd3fea73134ff44af9d28b02946eef543'), ('PAPERSIZE', 'letter'), ('XDG_MENU_PREFIX', 'gnome-'), ('LC_ADDRESS', 'en_US.UTF-8'), ('GNOME_TERMINAL_SCREEN', '/org/gnome/Terminal/screen/d786ce59_9530_43ef_a659_0611c4fae4e9'), ('XDG_RUNTIME_DIR', '/run/user/1000'), ('DISPLAY', ':0'), ('LANG', 'en_US.UTF-8'), ('XDG_CURRENT_DESKTOP', 'ubuntu:GNOME'), ('LC_TELEPHONE', 'en_US.UTF-8'), ('XMODIFIERS', '@im=ibus'), ('XDG_SESSION_DESKTOP', 'ubuntu'), ('XAUTHORITY', '/run/user/1000/gdm/Xauthority'), ('LS_COLORS', 'rs=0:di=01;34:ln=01;36:mh=00:pi=40;33:so=01;35:do=01;35:bd=40;33;01:cd=40;33;01:or=40;31;01:mi=00:su=37;41:sg=30;43:ca=30;41:tw=30;42:ow=34;42:st=37;44:ex=01;32:*.tar=01;31:*.tgz=01;31:*.arc=01;31:*.arj=01;31:*.taz=01;31:*.lha=01;31:*.lz4=01;31:*.lzh=01;31:*.lzma=01;31:*.tlz=01;31:*.txz=01;31:*.tzo=01;31:*.t7z=01;31:*.zip=01;31:*.z=01;31:*.dz=01;31:*.gz=01;31:*.lrz=01;31:*.lz=01;31:*.lzo=01;31:*.xz=01;31:*.zst=01;31:*.tzst=01;31:*.bz2=01;31:*.bz=01;31:*.tbz=01;31:*.tbz2=01;31:*.tz=01;31:*.deb=01;31:*.rpm=01;31:*.jar=01;31:*.war=01;31:*.ear=01;31:*.sar=01;31:*.rar=01;31:*.alz=01;31:*.ace=01;31:*.zoo=01;31:*.cpio=01;31:*.7z=01;31:*.rz=01;31:*.cab=01;31:*.wim=01;31:*.swm=01;31:*.dwm=01;31:*.esd=01;31:*.jpg=01;35:*.jpeg=01;35:*.mjpg=01;35:*.mjpeg=01;35:*.gif=01;35:*.bmp=01;35:*.pbm=01;35:*.pgm=01;35:*.ppm=01;35:*.tga=01;35:*.xbm=01;35:*.xpm=01;35:*.tif=01;35:*.tiff=01;35:*.png=01;35:*.svg=01;35:*.svgz=01;35:*.mng=01;35:*.pcx=01;35:*.mov=01;35:*.mpg=01;35:*.mpeg=01;35:*.m2v=01;35:*.mkv=01;35:*.webm=01;35:*.ogm=01;35:*.mp4=01;35:*.m4v=01;35:*.mp4v=01;35:*.vob=01;35:*.qt=01;35:*.nuv=01;35:*.wmv=01;35:*.asf=01;35:*.rm=01;35:*.rmvb=01;35:*.flc=01;35:*.avi=01;35:*.fli=01;35:*.flv=01;35:*.gl=01;35:*.dl=01;35:*.xcf=01;35:*.xwd=01;35:*.yuv=01;35:*.cgm=01;35:*.emf=01;35:*.ogv=01;35:*.ogx=01;35:*.aac=00;36:*.au=00;36:*.flac=00;36:*.m4a=00;36:*.mid=00;36:*.midi=00;36:*.mka=00;36:*.mp3=00;36:*.mpc=00;36:*.ogg=00;36:*.ra=00;36:*.wav=00;36:*.oga=00;36:*.opus=00;36:*.spx=00;36:*.xspf=00;36:'), ('GNOME_TERMINAL_SERVICE', ':1.950'), ('SSH_AUTH_SOCK', '/run/user/1000/keyring/ssh'), ('ROS_DOMAIN_ID', '1'), ('AMENT_PREFIX_PATH', '/home/dahyeon/dev_ws/install/turtlesim:/home/dahyeon/dev_ws/install/topic_service_action_rclpy_example:/home/dahyeon/dev_ws/install/topic_service_action_rclcpp_example:/home/dahyeon/dev_ws/install/time_rclpy_example:/home/dahyeon/dev_ws/install/time_rclcpp_example:/home/dahyeon/dev_ws/install/tf2_rclpy_example:/home/dahyeon/dev_ws/install/tf2_rclcpp_example:/home/dahyeon/dev_ws/install/testbot_description:/home/dahyeon/dev_ws/install/rqt_example:/home/dahyeon/dev_ws/install/ros2env:/home/dahyeon/dev_ws/install/my_package:/home/dahyeon/dev_ws/install/my_first_ros_rclpy_pkg:/home/dahyeon/dev_ws/install/my_first_ros_rclcpp_pkg:/home/dahyeon/dev_ws/install/msg_srv_action_interface_example:/home/dahyeon/dev_ws/install/logging_rclpy_example:/home/dahyeon/dev_ws/install/cpp_pubsub:/opt/ros/foxy'), ('SHELL', '/bin/bash'), ('LC_NAME', 'en_US.UTF-8'), ('QT_ACCESSIBILITY', '1'), ('GDMSESSION', 'ubuntu'), ('LESSCLOSE', '/usr/bin/lesspipe %s %s'), ('LC_MEASUREMENT', 'en_US.UTF-8'), ('GPG_AGENT_INFO', '/run/user/1000/gnupg/S.gpg-agent:0:1'), ('LC_IDENTIFICATION', 'en_US.UTF-8'), ('QT_IM_MODULE', 'ibus'), ('PWD', '/home/dahyeon/dev_ws/build/srv_alarm_interface'), ('LC_ALL', 'en_US.UTF-8'), ('XDG_CONFIG_DIRS', '/etc/xdg/xdg-ubuntu:/etc/xdg'), ('DBUS_STARTER_ADDRESS', 'unix:path=/run/user/1000/bus,guid=9778d7525af4932bf075023d6236ed88'), ('XDG_DATA_DIRS', '/usr/share/ubuntu:/usr/local/share/:/usr/share/:/var/lib/snapd/desktop'), ('PYTHONPATH', '/home/dahyeon/dev_ws/install/turtlesim/lib/python3.8/site-packages:/home/dahyeon/dev_ws/build/topic_service_action_rclpy_example:/home/dahyeon/dev_ws/install/topic_service_action_rclpy_example/lib/python3.8/site-packages:/home/dahyeon/dev_ws/build/time_rclpy_example:/home/dahyeon/dev_ws/install/time_rclpy_example/lib/python3.8/site-packages:/home/dahyeon/dev_ws/build/tf2_rclpy_example:/home/dahyeon/dev_ws/install/tf2_rclpy_example/lib/python3.8/site-packages:/home/dahyeon/dev_ws/install/rqt_example/lib/python3.8/site-packages:/home/dahyeon/dev_ws/build/ros2env:/home/dahyeon/dev_ws/install/ros2env/lib/python3.8/site-packages:/home/dahyeon/dev_ws/build/my_first_ros_rclpy_pkg:/home/dahyeon/dev_ws/install/my_first_ros_rclpy_pkg/lib/python3.8/site-packages:/home/dahyeon/dev_ws/install/msg_srv_action_interface_example/lib/python3.8/site-packages:/home/dahyeon/dev_ws/build/logging_rclpy_example:/home/dahyeon/dev_ws/install/logging_rclpy_example/lib/python3.8/site-packages:/opt/ros/foxy/lib/python3.8/site-packages'), ('LC_NUMERIC', 'en_US.UTF-8'), ('LC_PAPER', 'en_US.UTF-8'), ('COLCON', '1'), ('VTE_VERSION', '6003'), ('CMAKE_PREFIX_PATH', '/home/dahyeon/dev_ws/install/turtlesim:/home/dahyeon/dev_ws/install/topic_service_action_rclcpp_example:/home/dahyeon/dev_ws/install/time_rclcpp_example:/home/dahyeon/dev_ws/install/tf2_rclcpp_example:/home/dahyeon/dev_ws/install/testbot_description:/home/dahyeon/dev_ws/install/rqt_example:/home/dahyeon/dev_ws/install/my_package:/home/dahyeon/dev_ws/install/my_first_ros_rclcpp_pkg:/home/dahyeon/dev_ws/install/msg_srv_action_interface_example:/home/dahyeon/dev_ws/install/cpp_pubsub')]), 'shell': False}
[0.022533] (srv_alarm_interface) StdoutLine: {'line': b'-- Found ament_cmake: 0.9.9 (/opt/ros/foxy/share/ament_cmake/cmake)\n'}
[0.045295] (srv_alarm_interface) StdoutLine: {'line': b'-- Found PythonInterp: /usr/bin/python3 (found suitable version "3.8.10", minimum required is "3") \n'}
[0.045705] (srv_alarm_interface) StdoutLine: {'line': b'-- Using PYTHON_EXECUTABLE: /usr/bin/python3\n'}
[0.099832] (-) TimerEvent: {}
[0.181038] (srv_alarm_interface) StdoutLine: {'line': b'-- Override CMake install command with custom implementation using symlinks instead of copying resources\n'}
[0.186211] (srv_alarm_interface) StdoutLine: {'line': b'-- Found builtin_interfaces: 1.0.0 (/opt/ros/foxy/share/builtin_interfaces/cmake)\n'}
[0.199923] (-) TimerEvent: {}
[0.200733] (srv_alarm_interface) StdoutLine: {'line': b'-- Using all available rosidl_typesupport_c: rosidl_typesupport_fastrtps_c;rosidl_typesupport_introspection_c\n'}
[0.203186] (srv_alarm_interface) StdoutLine: {'line': b'-- Found rosidl_adapter: 1.2.1 (/opt/ros/foxy/share/rosidl_adapter/cmake)\n'}
[0.287690] (srv_alarm_interface) StdoutLine: {'line': b'-- Using all available rosidl_typesupport_cpp: rosidl_typesupport_fastrtps_cpp;rosidl_typesupport_introspection_cpp\n'}
[0.300044] (-) TimerEvent: {}
[0.305973] (srv_alarm_interface) StdoutLine: {'line': b'-- Found rosidl_default_generators: 1.0.1 (/opt/ros/foxy/share/rosidl_default_generators/cmake)\n'}
[0.337597] (srv_alarm_interface) StdoutLine: {'line': b'-- Found PythonInterp: /usr/bin/python3 (found version "3.8.10") \n'}
[0.400160] (-) TimerEvent: {}
[0.431128] (srv_alarm_interface) StderrLine: {'line': b"Error parsing '/home/dahyeon/dev_ws/src/srv_alarm_interface/package.xml':\n"}
[0.500293] (-) TimerEvent: {}
[0.520402] (srv_alarm_interface) StderrLine: {'line': b'Traceback (most recent call last):\n'}
[0.520587] (srv_alarm_interface) StderrLine: {'line': b'  File "/usr/lib/python3/dist-packages/catkin_pkg/package.py", line 597, in parse_package_string\n'}
[0.520678] (srv_alarm_interface) StderrLine: {'line': b'    root = dom.parseString(data)\n'}
[0.520766] (srv_alarm_interface) StderrLine: {'line': b'  File "/usr/lib/python3.8/xml/dom/minidom.py", line 1969, in parseString\n'}
[0.520841] (srv_alarm_interface) StderrLine: {'line': b'    return expatbuilder.parseString(string)\n'}
[0.520894] (srv_alarm_interface) StderrLine: {'line': b'  File "/usr/lib/python3.8/xml/dom/expatbuilder.py", line 925, in parseString\n'}
[0.520948] (srv_alarm_interface) StderrLine: {'line': b'    return builder.parseString(string)\n'}
[0.521001] (srv_alarm_interface) StderrLine: {'line': b'  File "/usr/lib/python3.8/xml/dom/expatbuilder.py", line 223, in parseString\n'}
[0.521053] (srv_alarm_interface) StderrLine: {'line': b'    parser.Parse(string, True)\n'}
[0.521106] (srv_alarm_interface) StderrLine: {'line': b'xml.parsers.expat.ExpatError: mismatched tag: line 14, column 39\n'}
[0.521183] (srv_alarm_interface) StderrLine: {'line': b'\n'}
[0.521234] (srv_alarm_interface) StderrLine: {'line': b'During handling of the above exception, another exception occurred:\n'}
[0.521285] (srv_alarm_interface) StderrLine: {'line': b'\n'}
[0.521337] (srv_alarm_interface) StderrLine: {'line': b'Traceback (most recent call last):\n'}
[0.521387] (srv_alarm_interface) StderrLine: {'line': b'  File "/opt/ros/foxy/share/ament_cmake_core/cmake/core/package_xml_2_cmake.py", line 143, in <module>\n'}
[0.521437] (srv_alarm_interface) StderrLine: {'line': b'    main()\n'}
[0.521487] (srv_alarm_interface) StderrLine: {'line': b'  File "/opt/ros/foxy/share/ament_cmake_core/cmake/core/package_xml_2_cmake.py", line 52, in main\n'}
[0.521537] (srv_alarm_interface) StderrLine: {'line': b'    raise e\n'}
[0.521586] (srv_alarm_interface) StderrLine: {'line': b'  File "/opt/ros/foxy/share/ament_cmake_core/cmake/core/package_xml_2_cmake.py", line 48, in main\n'}
[0.521642] (srv_alarm_interface) StderrLine: {'line': b'    package = parse_package_string(\n'}
[0.521692] (srv_alarm_interface) StderrLine: {'line': b'  File "/usr/lib/python3/dist-packages/catkin_pkg/package.py", line 599, in parse_package_string\n'}
[0.521742] (srv_alarm_interface) StderrLine: {'line': b"    raise InvalidPackage('The manifest contains invalid XML:\\n%s' % ex, filename)\n"}
[0.521793] (srv_alarm_interface) StderrLine: {'line': b"catkin_pkg.package.InvalidPackage: Error(s) in package '/home/dahyeon/dev_ws/src/srv_alarm_interface/package.xml':\n"}
[0.521843] (srv_alarm_interface) StderrLine: {'line': b'The manifest contains invalid XML:\n'}
[0.521894] (srv_alarm_interface) StderrLine: {'line': b'mismatched tag: line 14, column 39\n'}
[0.535294] (srv_alarm_interface) StderrLine: {'line': b'CMake Error at /opt/ros/foxy/share/ament_cmake_core/cmake/core/ament_package_xml.cmake:94 (message):\n'}
[0.535521] (srv_alarm_interface) StderrLine: {'line': b'  execute_process(/usr/bin/python3\n'}
[0.535683] (srv_alarm_interface) StderrLine: {'line': b'  /opt/ros/foxy/share/ament_cmake_core/cmake/core/package_xml_2_cmake.py\n'}
[0.535869] (srv_alarm_interface) StderrLine: {'line': b'  /home/dahyeon/dev_ws/src/srv_alarm_interface/package.xml\n'}
[0.536023] (srv_alarm_interface) StderrLine: {'line': b'  /home/dahyeon/dev_ws/build/srv_alarm_interface/ament_cmake_core/package.cmake)\n'}
[0.536072] (srv_alarm_interface) StderrLine: {'line': b'  returned error code 1\n'}
[0.536178] (srv_alarm_interface) StderrLine: {'line': b'Call Stack (most recent call first):\n'}
[0.536251] (srv_alarm_interface) StderrLine: {'line': b'  /opt/ros/foxy/share/ament_cmake_core/cmake/core/ament_package_xml.cmake:49 (_ament_package_xml)\n'}
[0.536300] (srv_alarm_interface) StderrLine: {'line': b'  /opt/ros/foxy/share/rosidl_cmake/cmake/rosidl_generate_interfaces.cmake:226 (ament_package_xml)\n'}
[0.536351] (srv_alarm_interface) StderrLine: {'line': b'  CMakeLists.txt:31 (rosidl_generate_interfaces)\n'}
[0.536401] (srv_alarm_interface) StderrLine: {'line': b'\n'}
[0.536451] (srv_alarm_interface) StderrLine: {'line': b'\n'}
[0.536779] (srv_alarm_interface) StdoutLine: {'line': b'-- Configuring incomplete, errors occurred!\n'}
[0.536862] (srv_alarm_interface) StdoutLine: {'line': b'See also "/home/dahyeon/dev_ws/build/srv_alarm_interface/CMakeFiles/CMakeOutput.log".\n'}
[0.540867] (srv_alarm_interface) CommandEnded: {'returncode': 1}
[0.541468] (srv_alarm_interface) JobEnded: {'identifier': 'srv_alarm_interface', 'rc': 1}
[0.551856] (-) EventReactorShutdown: {}
